mode: set
hyper/internal/services/ai_settings_service.go:135.95,153.16 4 0
hyper/internal/services/ai_settings_service.go:153.16,155.3 1 0
hyper/internal/services/ai_settings_service.go:158.2,164.16 2 0
hyper/internal/services/ai_settings_service.go:164.16,166.3 1 0
hyper/internal/services/ai_settings_service.go:169.2,172.16 2 0
hyper/internal/services/ai_settings_service.go:172.16,174.3 1 0
hyper/internal/services/ai_settings_service.go:177.2,183.16 2 0
hyper/internal/services/ai_settings_service.go:183.16,185.3 1 0
hyper/internal/services/ai_settings_service.go:188.2,195.16 2 0
hyper/internal/services/ai_settings_service.go:195.16,197.3 1 0
hyper/internal/services/ai_settings_service.go:200.2,203.16 2 0
hyper/internal/services/ai_settings_service.go:203.16,205.3 1 0
hyper/internal/services/ai_settings_service.go:207.2,208.21 2 0
hyper/internal/services/ai_settings_service.go:212.108,215.16 2 0
hyper/internal/services/ai_settings_service.go:215.16,217.3 1 0
hyper/internal/services/ai_settings_service.go:220.2,220.26 1 0
hyper/internal/services/ai_settings_service.go:220.26,222.3 1 0
hyper/internal/services/ai_settings_service.go:224.2,224.34 1 0
hyper/internal/services/ai_settings_service.go:228.109,246.16 5 0
hyper/internal/services/ai_settings_service.go:246.16,248.3 1 0
hyper/internal/services/ai_settings_service.go:250.2,250.30 1 0
hyper/internal/services/ai_settings_service.go:250.30,254.3 1 0
hyper/internal/services/ai_settings_service.go:254.8,258.3 1 0
hyper/internal/services/ai_settings_service.go:260.2,260.12 1 0
hyper/internal/services/ai_settings_service.go:264.117,273.16 4 0
hyper/internal/services/ai_settings_service.go:273.16,275.3 1 0
hyper/internal/services/ai_settings_service.go:276.2,279.52 3 0
hyper/internal/services/ai_settings_service.go:279.52,281.3 1 0
hyper/internal/services/ai_settings_service.go:283.2,283.23 1 0
hyper/internal/services/ai_settings_service.go:287.129,295.16 4 0
hyper/internal/services/ai_settings_service.go:295.16,296.34 1 0
hyper/internal/services/ai_settings_service.go:296.34,298.4 1 0
hyper/internal/services/ai_settings_service.go:299.3,299.65 1 0
hyper/internal/services/ai_settings_service.go:302.2,302.23 1 0
hyper/internal/services/ai_settings_service.go:306.150,320.16 4 0
hyper/internal/services/ai_settings_service.go:320.16,322.3 1 0
hyper/internal/services/ai_settings_service.go:324.2,330.22 2 0
hyper/internal/services/ai_settings_service.go:334.173,337.16 2 0
hyper/internal/services/ai_settings_service.go:337.16,339.3 1 0
hyper/internal/services/ai_settings_service.go:341.2,341.39 1 0
hyper/internal/services/ai_settings_service.go:341.39,343.3 1 0
hyper/internal/services/ai_settings_service.go:345.2,355.16 3 0
hyper/internal/services/ai_settings_service.go:355.16,357.3 1 0
hyper/internal/services/ai_settings_service.go:359.2,359.30 1 0
hyper/internal/services/ai_settings_service.go:359.30,361.3 1 0
hyper/internal/services/ai_settings_service.go:363.2,368.42 2 0
hyper/internal/services/ai_settings_service.go:372.120,375.16 2 0
hyper/internal/services/ai_settings_service.go:375.16,377.3 1 0
hyper/internal/services/ai_settings_service.go:379.2,379.31 1 0
hyper/internal/services/ai_settings_service.go:379.31,381.3 1 0
hyper/internal/services/ai_settings_service.go:384.2,385.16 2 0
hyper/internal/services/ai_settings_service.go:385.16,387.3 1 0
hyper/internal/services/ai_settings_service.go:389.2,389.30 1 0
hyper/internal/services/ai_settings_service.go:389.30,391.3 1 0
hyper/internal/services/ai_settings_service.go:393.2,397.12 2 0
hyper/internal/services/ai_settings_service.go:406.139,409.16 2 0
hyper/internal/services/ai_settings_service.go:409.16,415.3 1 0
hyper/internal/services/ai_settings_service.go:417.2,425.16 4 0
hyper/internal/services/ai_settings_service.go:425.16,427.3 1 0
hyper/internal/services/ai_settings_service.go:428.2,431.51 3 0
hyper/internal/services/ai_settings_service.go:431.51,433.3 1 0
hyper/internal/services/ai_settings_service.go:435.2,435.22 1 0
hyper/internal/services/ai_settings_service.go:439.151,447.16 4 0
hyper/internal/services/ai_settings_service.go:447.16,448.34 1 0
hyper/internal/services/ai_settings_service.go:448.34,450.4 1 0
hyper/internal/services/ai_settings_service.go:451.3,451.78 1 0
hyper/internal/services/ai_settings_service.go:454.2,454.22 1 0
hyper/internal/services/ai_settings_service.go:458.142,467.16 4 0
hyper/internal/services/ai_settings_service.go:467.16,468.34 1 0
hyper/internal/services/ai_settings_service.go:468.34,471.4 1 0
hyper/internal/services/ai_settings_service.go:472.3,472.85 1 0
hyper/internal/services/ai_settings_service.go:475.2,475.22 1 0
hyper/internal/services/ai_settings_service.go:479.175,482.16 2 0
hyper/internal/services/ai_settings_service.go:482.16,484.3 1 0
hyper/internal/services/ai_settings_service.go:486.2,501.14 3 0
hyper/internal/services/ai_settings_service.go:501.14,503.17 2 0
hyper/internal/services/ai_settings_service.go:503.17,505.4 1 0
hyper/internal/services/ai_settings_service.go:509.2,510.16 2 0
hyper/internal/services/ai_settings_service.go:510.16,512.3 1 0
hyper/internal/services/ai_settings_service.go:514.2,521.21 2 0
hyper/internal/services/ai_settings_service.go:525.133,528.16 2 0
hyper/internal/services/ai_settings_service.go:528.16,530.3 1 0
hyper/internal/services/ai_settings_service.go:532.2,532.30 1 0
hyper/internal/services/ai_settings_service.go:532.30,534.3 1 0
hyper/internal/services/ai_settings_service.go:536.2,536.23 1 0
hyper/internal/services/ai_settings_service.go:536.23,538.3 1 0
hyper/internal/services/ai_settings_service.go:541.2,542.16 2 0
hyper/internal/services/ai_settings_service.go:542.16,544.3 1 0
hyper/internal/services/ai_settings_service.go:547.2,554.16 3 0
hyper/internal/services/ai_settings_service.go:554.16,556.3 1 0
hyper/internal/services/ai_settings_service.go:558.2,558.30 1 0
hyper/internal/services/ai_settings_service.go:558.30,560.3 1 0
hyper/internal/services/ai_settings_service.go:562.2,567.12 2 0
hyper/internal/services/ai_settings_service.go:571.131,574.16 2 0
hyper/internal/services/ai_settings_service.go:574.16,576.3 1 0
hyper/internal/services/ai_settings_service.go:578.2,578.30 1 0
hyper/internal/services/ai_settings_service.go:578.30,580.3 1 0
hyper/internal/services/ai_settings_service.go:582.2,582.23 1 0
hyper/internal/services/ai_settings_service.go:582.23,584.3 1 0
hyper/internal/services/ai_settings_service.go:586.2,586.22 1 0
hyper/internal/services/ai_settings_service.go:586.22,588.3 1 0
hyper/internal/services/ai_settings_service.go:591.2,592.16 2 0
hyper/internal/services/ai_settings_service.go:592.16,594.3 1 0
hyper/internal/services/ai_settings_service.go:596.2,596.30 1 0
hyper/internal/services/ai_settings_service.go:596.30,598.3 1 0
hyper/internal/services/ai_settings_service.go:600.2,605.12 2 0
hyper/internal/services/ai_settings_service.go:610.89,613.2 1 0
hyper/internal/services/ai_settings_service.go:620.110,630.16 5 0
hyper/internal/services/ai_settings_service.go:630.16,631.34 1 0
hyper/internal/services/ai_settings_service.go:631.34,634.4 1 0
hyper/internal/services/ai_settings_service.go:635.3,635.65 1 0
hyper/internal/services/ai_settings_service.go:638.2,638.39 1 0
hyper/internal/services/ai_settings_service.go:642.104,656.16 4 0
hyper/internal/services/ai_settings_service.go:656.16,658.3 1 0
hyper/internal/services/ai_settings_service.go:660.2,660.12 1 0
hyper/internal/services/ai_settings_service.go:665.108,672.16 3 0
hyper/internal/services/ai_settings_service.go:672.16,674.3 1 0
hyper/internal/services/ai_settings_service.go:677.2,677.15 1 0
hyper/internal/services/ai_settings_service.go:677.15,679.3 1 0
hyper/internal/services/ai_settings_service.go:682.2,689.16 4 0
hyper/internal/services/ai_settings_service.go:689.16,690.34 1 0
hyper/internal/services/ai_settings_service.go:690.34,694.18 2 0
hyper/internal/services/ai_settings_service.go:694.18,695.36 1 0
hyper/internal/services/ai_settings_service.go:695.36,698.6 1 0
hyper/internal/services/ai_settings_service.go:699.5,699.74 1 0
hyper/internal/services/ai_settings_service.go:702.4,706.43 1 0
hyper/internal/services/ai_settings_service.go:707.9,709.4 1 0
hyper/internal/services/ai_settings_service.go:713.2,728.16 4 0
hyper/internal/services/ai_settings_service.go:728.16,730.3 1 0
hyper/internal/services/ai_settings_service.go:732.2,737.12 2 0
hyper/internal/services/chat_service.go:28.83,46.16 4 1
hyper/internal/services/chat_service.go:46.16,48.3 1 1
hyper/internal/services/chat_service.go:51.2,54.16 2 0
hyper/internal/services/chat_service.go:54.16,56.3 1 0
hyper/internal/services/chat_service.go:59.2,65.16 2 0
hyper/internal/services/chat_service.go:65.16,67.3 1 0
hyper/internal/services/chat_service.go:69.2,70.21 2 0
hyper/internal/services/chat_service.go:75.116,77.16 2 0
hyper/internal/services/chat_service.go:77.16,79.3 1 0
hyper/internal/services/chat_service.go:80.2,83.96 2 0
hyper/internal/services/chat_service.go:83.96,85.3 1 0
hyper/internal/services/chat_service.go:87.2,87.16 1 0
hyper/internal/services/chat_service.go:87.16,89.3 1 0
hyper/internal/services/chat_service.go:91.2,91.12 1 0
hyper/internal/services/chat_service.go:95.120,97.2 1 0
hyper/internal/services/chat_service.go:100.164,113.16 4 0
hyper/internal/services/chat_service.go:113.16,115.3 1 0
hyper/internal/services/chat_service.go:118.2,126.25 3 0
hyper/internal/services/chat_service.go:126.25,129.3 2 0
hyper/internal/services/chat_service.go:129.8,131.3 1 0
hyper/internal/services/chat_service.go:133.2,133.21 1 0
hyper/internal/services/chat_service.go:137.116,146.16 4 0
hyper/internal/services/chat_service.go:146.16,148.3 1 0
hyper/internal/services/chat_service.go:149.2,152.51 3 0
hyper/internal/services/chat_service.go:152.51,154.3 1 0
hyper/internal/services/chat_service.go:156.2,156.22 1 0
hyper/internal/services/chat_service.go:160.132,168.16 4 0
hyper/internal/services/chat_service.go:168.16,169.34 1 0
hyper/internal/services/chat_service.go:169.34,171.4 1 0
hyper/internal/services/chat_service.go:172.3,172.69 1 0
hyper/internal/services/chat_service.go:175.2,175.22 1 0
hyper/internal/services/chat_service.go:180.120,183.16 2 0
hyper/internal/services/chat_service.go:183.16,185.3 1 0
hyper/internal/services/chat_service.go:187.2,187.30 1 0
hyper/internal/services/chat_service.go:187.30,189.3 1 0
hyper/internal/services/chat_service.go:192.2,192.77 1 0
hyper/internal/services/chat_service.go:192.77,195.17 2 0
hyper/internal/services/chat_service.go:195.17,197.4 1 0
hyper/internal/services/chat_service.go:200.3,201.17 2 0
hyper/internal/services/chat_service.go:201.17,203.4 1 0
hyper/internal/services/chat_service.go:205.3,205.31 1 0
hyper/internal/services/chat_service.go:205.31,207.4 1 0
hyper/internal/services/chat_service.go:209.3,209.13 1 0
hyper/internal/services/chat_service.go:212.2,212.16 1 0
hyper/internal/services/chat_service.go:212.16,214.3 1 0
hyper/internal/services/chat_service.go:216.2,220.12 2 0
hyper/internal/services/chat_service.go:224.160,227.16 2 0
hyper/internal/services/chat_service.go:227.16,229.3 1 0
hyper/internal/services/chat_service.go:232.2,239.16 3 0
hyper/internal/services/chat_service.go:239.16,241.3 1 0
hyper/internal/services/chat_service.go:244.2,250.16 3 0
hyper/internal/services/chat_service.go:250.16,252.3 1 0
hyper/internal/services/chat_service.go:253.2,256.51 3 0
hyper/internal/services/chat_service.go:256.51,258.3 1 0
hyper/internal/services/chat_service.go:260.2,268.22 2 0
hyper/internal/services/chat_service.go:273.155,276.15 2 0
hyper/internal/services/chat_service.go:276.15,279.3 1 0
hyper/internal/services/chat_service.go:282.2,282.43 1 0
hyper/internal/services/chat_service.go:282.43,284.3 1 0
hyper/internal/services/chat_service.go:287.2,288.16 2 0
hyper/internal/services/chat_service.go:288.16,290.3 1 0
hyper/internal/services/chat_service.go:293.2,302.77 2 0
hyper/internal/services/chat_service.go:302.77,305.17 2 0
hyper/internal/services/chat_service.go:305.17,307.4 1 0
hyper/internal/services/chat_service.go:310.3,315.17 2 0
hyper/internal/services/chat_service.go:315.17,317.4 1 0
hyper/internal/services/chat_service.go:319.3,319.13 1 0
hyper/internal/services/chat_service.go:322.2,322.16 1 0
hyper/internal/services/chat_service.go:322.16,324.3 1 0
hyper/internal/services/chat_service.go:326.2,326.21 1 0
hyper/internal/services/chat_service.go:330.123,335.16 4 0
hyper/internal/services/chat_service.go:335.16,337.3 1 0
hyper/internal/services/chat_service.go:338.2,341.51 3 0
hyper/internal/services/chat_service.go:341.51,343.3 1 0
hyper/internal/services/chat_service.go:345.2,345.22 1 0
hyper/internal/services/chat_service.go:350.192,354.16 2 0
hyper/internal/services/chat_service.go:354.16,356.3 1 0
hyper/internal/services/chat_service.go:357.2,357.45 1 0
hyper/internal/services/chat_service.go:357.45,359.3 1 0
hyper/internal/services/chat_service.go:362.2,363.16 2 0
hyper/internal/services/chat_service.go:363.16,365.3 1 0
hyper/internal/services/chat_service.go:368.2,382.77 2 0
hyper/internal/services/chat_service.go:382.77,385.17 2 0
hyper/internal/services/chat_service.go:385.17,387.4 1 0
hyper/internal/services/chat_service.go:390.3,395.17 2 0
hyper/internal/services/chat_service.go:395.17,397.4 1 0
hyper/internal/services/chat_service.go:399.3,399.13 1 0
hyper/internal/services/chat_service.go:402.2,402.16 1 0
hyper/internal/services/chat_service.go:402.16,404.3 1 0
hyper/internal/services/chat_service.go:406.2,406.21 1 0
hyper/internal/services/chat_service.go:411.220,414.19 1 0
hyper/internal/services/chat_service.go:414.19,419.17 3 0
hyper/internal/services/chat_service.go:419.17,421.4 1 0
hyper/internal/services/chat_service.go:422.3,422.51 1 0
hyper/internal/services/chat_service.go:422.51,424.4 1 0
hyper/internal/services/chat_service.go:428.2,429.16 2 0
hyper/internal/services/chat_service.go:429.16,431.3 1 0
hyper/internal/services/chat_service.go:434.2,435.20 2 0
hyper/internal/services/chat_service.go:435.20,437.3 1 0
hyper/internal/services/chat_service.go:440.2,440.22 1 0
hyper/internal/services/chat_service.go:440.22,445.3 1 0
hyper/internal/services/chat_service.go:445.8,451.3 1 0
hyper/internal/services/chat_service.go:454.2,470.77 2 0
hyper/internal/services/chat_service.go:470.77,473.17 2 0
hyper/internal/services/chat_service.go:473.17,475.4 1 0
hyper/internal/services/chat_service.go:478.3,483.17 2 0
hyper/internal/services/chat_service.go:483.17,485.4 1 0
hyper/internal/services/chat_service.go:487.3,487.13 1 0
hyper/internal/services/chat_service.go:490.2,490.16 1 0
hyper/internal/services/chat_service.go:490.16,492.3 1 0
hyper/internal/services/chat_service.go:494.2,494.21 1 0
hyper/internal/services/chat_service.go:498.150,501.16 2 0
hyper/internal/services/chat_service.go:501.16,503.3 1 0
hyper/internal/services/chat_service.go:505.2,505.30 1 0
hyper/internal/services/chat_service.go:505.30,507.3 1 0
hyper/internal/services/chat_service.go:510.2,510.17 1 0
hyper/internal/services/chat_service.go:510.17,512.3 1 0
hyper/internal/services/chat_service.go:513.2,513.22 1 0
hyper/internal/services/chat_service.go:513.22,515.3 1 0
hyper/internal/services/chat_service.go:518.2,527.16 4 0
hyper/internal/services/chat_service.go:527.16,529.3 1 0
hyper/internal/services/chat_service.go:531.2,531.30 1 0
hyper/internal/services/chat_service.go:531.30,533.3 1 0
hyper/internal/services/chat_service.go:535.2,543.21 4 0
hyper/internal/services/chat_service.go:547.149,561.16 4 0
hyper/internal/services/chat_service.go:561.16,563.3 1 0
hyper/internal/services/chat_service.go:565.2,565.30 1 0
hyper/internal/services/chat_service.go:565.30,567.3 1 0
hyper/internal/services/chat_service.go:569.2,569.23 1 0
hyper/internal/services/chat_service.go:569.23,573.3 1 0
hyper/internal/services/chat_service.go:573.8,576.3 1 0
hyper/internal/services/chat_service.go:578.2,578.12 1 0
hyper/internal/services/chat_service.go:582.143,596.16 4 0
hyper/internal/services/chat_service.go:596.16,598.3 1 0
hyper/internal/services/chat_service.go:600.2,600.30 1 0
hyper/internal/services/chat_service.go:600.30,602.3 1 0
hyper/internal/services/chat_service.go:604.2,604.25 1 0
hyper/internal/services/chat_service.go:604.25,608.3 1 0
hyper/internal/services/chat_service.go:608.8,611.3 1 0
hyper/internal/services/chat_service.go:613.2,613.12 1 0
