mode: set
hyper/internal/middleware/auth.go:16.46,24.17 5 1
hyper/internal/middleware/auth.go:24.17,27.31 2 1
hyper/internal/middleware/auth.go:27.31,31.4 3 1
hyper/internal/middleware/auth.go:34.2,38.21 3 1
hyper/internal/middleware/auth.go:38.21,41.3 2 0
hyper/internal/middleware/auth.go:44.2,44.30 1 1
hyper/internal/middleware/auth.go:44.30,46.23 2 1
hyper/internal/middleware/auth.go:46.23,52.4 3 1
hyper/internal/middleware/auth.go:55.3,56.46 2 1
hyper/internal/middleware/auth.go:56.46,62.4 3 0
hyper/internal/middleware/auth.go:64.3,67.84 2 1
hyper/internal/middleware/auth.go:67.84,69.59 1 1
hyper/internal/middleware/auth.go:69.59,71.5 1 0
hyper/internal/middleware/auth.go:72.4,72.33 1 1
hyper/internal/middleware/auth.go:75.3,75.17 1 1
hyper/internal/middleware/auth.go:75.17,82.4 4 0
hyper/internal/middleware/auth.go:84.3,84.19 1 1
hyper/internal/middleware/auth.go:84.19,90.4 3 0
hyper/internal/middleware/auth.go:93.3,94.10 2 1
hyper/internal/middleware/auth.go:94.10,100.4 3 0
hyper/internal/middleware/auth.go:104.3,107.46 2 1
hyper/internal/middleware/auth.go:107.46,109.4 1 1
hyper/internal/middleware/auth.go:109.9,109.54 1 0
hyper/internal/middleware/auth.go:109.54,111.4 1 0
hyper/internal/middleware/auth.go:111.9,111.50 1 0
hyper/internal/middleware/auth.go:111.50,113.4 1 0
hyper/internal/middleware/auth.go:113.9,113.77 1 0
hyper/internal/middleware/auth.go:113.77,114.45 1 0
hyper/internal/middleware/auth.go:114.45,116.5 1 0
hyper/internal/middleware/auth.go:120.3,120.49 1 1
hyper/internal/middleware/auth.go:120.49,122.4 1 1
hyper/internal/middleware/auth.go:122.9,122.57 1 0
hyper/internal/middleware/auth.go:122.57,124.4 1 0
hyper/internal/middleware/auth.go:124.9,124.77 1 0
hyper/internal/middleware/auth.go:124.77,125.52 1 0
hyper/internal/middleware/auth.go:125.52,127.5 1 0
hyper/internal/middleware/auth.go:131.3,131.19 1 1
hyper/internal/middleware/auth.go:131.19,137.4 3 0
hyper/internal/middleware/auth.go:139.3,139.22 1 1
hyper/internal/middleware/auth.go:139.22,144.4 2 0
hyper/internal/middleware/auth.go:147.3,157.11 5 1
hyper/internal/middleware/panic_recovery.go:14.66,15.30 1 0
hyper/internal/middleware/panic_recovery.go:15.30,16.16 1 0
hyper/internal/middleware/panic_recovery.go:16.16,17.36 1 0
hyper/internal/middleware/panic_recovery.go:17.36,32.24 4 0
hyper/internal/middleware/panic_recovery.go:32.24,34.6 1 0
hyper/internal/middleware/panic_recovery.go:36.5,40.7 1 0
hyper/internal/middleware/panic_recovery.go:43.3,43.11 1 0
hyper/internal/middleware/panic_recovery.go:54.44,55.12 1 0
hyper/internal/middleware/panic_recovery.go:55.12,56.16 1 0
hyper/internal/middleware/panic_recovery.go:56.16,57.36 1 0
hyper/internal/middleware/panic_recovery.go:57.36,66.5 2 0
hyper/internal/middleware/panic_recovery.go:68.3,68.7 1 0
hyper/internal/middleware/panic_recovery.go:81.71,82.12 1 0
hyper/internal/middleware/panic_recovery.go:82.12,83.16 1 0
hyper/internal/middleware/panic_recovery.go:83.16,85.22 1 0
hyper/internal/middleware/panic_recovery.go:85.22,86.18 1 0
hyper/internal/middleware/panic_recovery.go:86.18,87.52 1 0
hyper/internal/middleware/panic_recovery.go:87.52,91.7 1 0
hyper/internal/middleware/panic_recovery.go:93.5,93.14 1 0
hyper/internal/middleware/panic_recovery.go:97.4,97.36 1 0
hyper/internal/middleware/panic_recovery.go:97.36,103.5 2 0
hyper/internal/middleware/panic_recovery.go:105.3,105.7 1 0
hyper/internal/middleware/rate_limiter.go:34.95,47.2 3 1
hyper/internal/middleware/rate_limiter.go:50.52,51.30 1 1
hyper/internal/middleware/rate_limiter.go:51.30,59.14 3 1
hyper/internal/middleware/rate_limiter.go:59.14,66.4 4 1
hyper/internal/middleware/rate_limiter.go:68.3,69.26 2 1
hyper/internal/middleware/rate_limiter.go:69.26,76.4 4 1
hyper/internal/middleware/rate_limiter.go:78.3,89.15 4 1
hyper/internal/middleware/rate_limiter.go:89.15,103.4 5 1
hyper/internal/middleware/rate_limiter.go:105.3,109.11 2 1
hyper/internal/middleware/rate_limiter.go:115.56,119.13 4 1
hyper/internal/middleware/rate_limiter.go:119.13,132.3 3 1
hyper/internal/middleware/rate_limiter.go:132.8,137.3 1 1
hyper/internal/middleware/rate_limiter.go:138.2,148.29 7 1
hyper/internal/middleware/rate_limiter.go:148.29,161.3 5 1
hyper/internal/middleware/rate_limiter.go:164.2,164.18 1 1
hyper/internal/middleware/rate_limiter.go:164.18,172.3 3 1
hyper/internal/middleware/rate_limiter.go:175.2,184.26 4 1
hyper/internal/middleware/rate_limiter.go:189.47,193.6 3 1
hyper/internal/middleware/rate_limiter.go:193.6,194.10 1 1
hyper/internal/middleware/rate_limiter.go:195.19,200.37 4 0
hyper/internal/middleware/rate_limiter.go:200.37,202.39 2 0
hyper/internal/middleware/rate_limiter.go:202.39,206.6 2 0
hyper/internal/middleware/rate_limiter.go:207.5,207.18 1 0
hyper/internal/middleware/rate_limiter.go:209.4,209.17 1 0
hyper/internal/middleware/rate_limiter.go:211.24,212.10 1 1
hyper/internal/middleware/rate_limiter.go:218.30,220.2 1 1
hyper/internal/middleware/rate_limiter.go:223.24,224.11 1 1
hyper/internal/middleware/rate_limiter.go:224.11,226.3 1 0
hyper/internal/middleware/rate_limiter.go:227.2,227.10 1 1
